------------------------------------------------------------
TimeQuest Timing Analyzer Summary
------------------------------------------------------------

Type  : Slow 1100mV 85C Model Setup 'CLOCK_50'
Slack : -0.893
TNS   : -6.599

Type  : Slow 1100mV 85C Model Hold 'CLOCK_50'
Slack : 0.543
TNS   : 0.000

Type  : Slow 1100mV 85C Model Minimum Pulse Width 'CLOCK_50'
Slack : -0.724
TNS   : -13.290

Type  : Slow 1100mV 0C Model Setup 'CLOCK_50'
Slack : -0.935
TNS   : -7.154

Type  : Slow 1100mV 0C Model Hold 'CLOCK_50'
Slack : 0.546
TNS   : 0.000

Type  : Slow 1100mV 0C Model Minimum Pulse Width 'CLOCK_50'
Slack : -0.724
TNS   : -13.326

Type  : Fast 1100mV 85C Model Setup 'CLOCK_50'
Slack : 0.220
TNS   : 0.000

Type  : Fast 1100mV 85C Model Hold 'CLOCK_50'
Slack : 0.181
TNS   : 0.000

Type  : Fast 1100mV 85C Model Minimum Pulse Width 'CLOCK_50'
Slack : -0.085
TNS   : -1.013

Type  : Fast 1100mV 0C Model Setup 'CLOCK_50'
Slack : 0.265
TNS   : 0.000

Type  : Fast 1100mV 0C Model Hold 'CLOCK_50'
Slack : 0.172
TNS   : 0.000

Type  : Fast 1100mV 0C Model Minimum Pulse Width 'CLOCK_50'
Slack : -0.087
TNS   : -1.032

------------------------------------------------------------
