------------------------------------------------------------
TimeQuest Timing Analyzer Summary
------------------------------------------------------------

Type  : Slow 1100mV 85C Model Setup 'CLOCK_50'
Slack : -1.098
TNS   : -47.923

Type  : Slow 1100mV 85C Model Hold 'CLOCK_50'
Slack : 0.270
TNS   : 0.000

Type  : Slow 1100mV 85C Model Minimum Pulse Width 'CLOCK_50'
Slack : -0.394
TNS   : -37.472

Type  : Slow 1100mV 0C Model Setup 'CLOCK_50'
Slack : -1.091
TNS   : -45.652

Type  : Slow 1100mV 0C Model Hold 'CLOCK_50'
Slack : 0.262
TNS   : 0.000

Type  : Slow 1100mV 0C Model Minimum Pulse Width 'CLOCK_50'
Slack : -0.394
TNS   : -33.615

Type  : Fast 1100mV 85C Model Setup 'CLOCK_50'
Slack : -0.175
TNS   : -2.680

Type  : Fast 1100mV 85C Model Hold 'CLOCK_50'
Slack : 0.164
TNS   : 0.000

Type  : Fast 1100mV 85C Model Minimum Pulse Width 'CLOCK_50'
Slack : -0.401
TNS   : -25.098

Type  : Fast 1100mV 0C Model Setup 'CLOCK_50'
Slack : -0.114
TNS   : -0.641

Type  : Fast 1100mV 0C Model Hold 'CLOCK_50'
Slack : 0.149
TNS   : 0.000

Type  : Fast 1100mV 0C Model Minimum Pulse Width 'CLOCK_50'
Slack : -0.436
TNS   : -29.904

------------------------------------------------------------
