------------------------------------------------------------
TimeQuest Timing Analyzer Summary
------------------------------------------------------------

Type  : Slow 1100mV 85C Model Setup 'CLOCK_50'
Slack : -6.832
TNS   : -8325.393

Type  : Slow 1100mV 85C Model Setup 'audio_codec:codec|Altera_UP_Audio_In_Deserializer:Audio_In_Deserializer|left_audio_fifo_read_space[0]'
Slack : -1.858
TNS   : -24.401

Type  : Slow 1100mV 85C Model Hold 'CLOCK_50'
Slack : 0.311
TNS   : 0.000

Type  : Slow 1100mV 85C Model Hold 'audio_codec:codec|Altera_UP_Audio_In_Deserializer:Audio_In_Deserializer|left_audio_fifo_read_space[0]'
Slack : 0.441
TNS   : 0.000

Type  : Slow 1100mV 85C Model Minimum Pulse Width 'CLOCK_50'
Slack : -2.174
TNS   : -10833.579

Type  : Slow 1100mV 85C Model Minimum Pulse Width 'audio_codec:codec|Altera_UP_Audio_In_Deserializer:Audio_In_Deserializer|left_audio_fifo_read_space[0]'
Slack : -0.394
TNS   : -11.008

Type  : Slow 1100mV 85C Model Minimum Pulse Width 'my_clock_gen|DE_Clock_Generator_Audio|auto_generated|generic_pll1~FRACTIONAL_PLL|vcoph[0]'
Slack : 1.322
TNS   : 0.000

Type  : Slow 1100mV 85C Model Minimum Pulse Width 'CLOCK2_50'
Slack : 18.188
TNS   : 0.000

Type  : Slow 1100mV 0C Model Setup 'CLOCK_50'
Slack : -6.494
TNS   : -7039.937

Type  : Slow 1100mV 0C Model Setup 'audio_codec:codec|Altera_UP_Audio_In_Deserializer:Audio_In_Deserializer|left_audio_fifo_read_space[0]'
Slack : -1.841
TNS   : -25.077

Type  : Slow 1100mV 0C Model Hold 'CLOCK_50'
Slack : 0.018
TNS   : 0.000

Type  : Slow 1100mV 0C Model Hold 'audio_codec:codec|Altera_UP_Audio_In_Deserializer:Audio_In_Deserializer|left_audio_fifo_read_space[0]'
Slack : 0.454
TNS   : 0.000

Type  : Slow 1100mV 0C Model Minimum Pulse Width 'CLOCK_50'
Slack : -2.174
TNS   : -10790.128

Type  : Slow 1100mV 0C Model Minimum Pulse Width 'audio_codec:codec|Altera_UP_Audio_In_Deserializer:Audio_In_Deserializer|left_audio_fifo_read_space[0]'
Slack : -0.394
TNS   : -11.216

Type  : Slow 1100mV 0C Model Minimum Pulse Width 'my_clock_gen|DE_Clock_Generator_Audio|auto_generated|generic_pll1~FRACTIONAL_PLL|vcoph[0]'
Slack : 1.322
TNS   : 0.000

Type  : Slow 1100mV 0C Model Minimum Pulse Width 'CLOCK2_50'
Slack : 18.191
TNS   : 0.000

Type  : Fast 1100mV 85C Model Setup 'CLOCK_50'
Slack : -4.054
TNS   : -5023.470

Type  : Fast 1100mV 85C Model Setup 'audio_codec:codec|Altera_UP_Audio_In_Deserializer:Audio_In_Deserializer|left_audio_fifo_read_space[0]'
Slack : -0.848
TNS   : -8.971

Type  : Fast 1100mV 85C Model Hold 'audio_codec:codec|Altera_UP_Audio_In_Deserializer:Audio_In_Deserializer|left_audio_fifo_read_space[0]'
Slack : 0.164
TNS   : 0.000

Type  : Fast 1100mV 85C Model Hold 'CLOCK_50'
Slack : 0.180
TNS   : 0.000

Type  : Fast 1100mV 85C Model Minimum Pulse Width 'CLOCK_50'
Slack : -2.174
TNS   : -10918.522

Type  : Fast 1100mV 85C Model Minimum Pulse Width 'audio_codec:codec|Altera_UP_Audio_In_Deserializer:Audio_In_Deserializer|left_audio_fifo_read_space[0]'
Slack : -0.072
TNS   : -1.144

Type  : Fast 1100mV 85C Model Minimum Pulse Width 'my_clock_gen|DE_Clock_Generator_Audio|auto_generated|generic_pll1~FRACTIONAL_PLL|vcoph[0]'
Slack : 1.322
TNS   : 0.000

Type  : Fast 1100mV 85C Model Minimum Pulse Width 'CLOCK2_50'
Slack : 17.854
TNS   : 0.000

Type  : Fast 1100mV 0C Model Setup 'CLOCK_50'
Slack : -3.437
TNS   : -3634.398

Type  : Fast 1100mV 0C Model Setup 'audio_codec:codec|Altera_UP_Audio_In_Deserializer:Audio_In_Deserializer|left_audio_fifo_read_space[0]'
Slack : -0.713
TNS   : -7.712

Type  : Fast 1100mV 0C Model Hold 'CLOCK_50'
Slack : 0.000
TNS   : 0.000

Type  : Fast 1100mV 0C Model Hold 'audio_codec:codec|Altera_UP_Audio_In_Deserializer:Audio_In_Deserializer|left_audio_fifo_read_space[0]'
Slack : 0.150
TNS   : 0.000

Type  : Fast 1100mV 0C Model Minimum Pulse Width 'CLOCK_50'
Slack : -2.174
TNS   : -11122.629

Type  : Fast 1100mV 0C Model Minimum Pulse Width 'audio_codec:codec|Altera_UP_Audio_In_Deserializer:Audio_In_Deserializer|left_audio_fifo_read_space[0]'
Slack : -0.044
TNS   : -0.680

Type  : Fast 1100mV 0C Model Minimum Pulse Width 'my_clock_gen|DE_Clock_Generator_Audio|auto_generated|generic_pll1~FRACTIONAL_PLL|vcoph[0]'
Slack : 1.322
TNS   : 0.000

Type  : Fast 1100mV 0C Model Minimum Pulse Width 'CLOCK2_50'
Slack : 17.804
TNS   : 0.000

------------------------------------------------------------
